[    1270ms] [ERROR] Failed to load resource: the server responded with a status of 404 (Not Found) @ https://298c2663-0398-454f-927c-d28bc153983a-00-2nn10r6jkgf47.sisko.replit.dev/login:0
[    2695ms] [ERROR] Failed to load resource: the server responded with a status of 404 (Not Found) @ https://298c2663-0398-454f-927c-d28bc153983a-00-2nn10r6jkgf47.sisko.replit.dev/favicon.ico:0
[   61999ms] [ERROR] Failed to load resource: the server responded with a status of 404 (Not Found) @ https://298c2663-0398-454f-927c-d28bc153983a-00-2nn10r6jkgf47.sisko.replit.dev/login:0
[  122719ms] [ERROR] Failed to load resource: the server responded with a status of 404 (Not Found) @ https://298c2663-0398-454f-927c-d28bc153983a-00-2nn10r6jkgf47.sisko.replit.dev/login:0
[  183362ms] [ERROR] Failed to load resource: the server responded with a status of 404 (Not Found) @ https://298c2663-0398-454f-927c-d28bc153983a-00-2nn10r6jkgf47.sisko.replit.dev/login:0
[  243806ms] [ERROR] Failed to load resource: the server responded with a status of 404 (Not Found) @ https://298c2663-0398-454f-927c-d28bc153983a-00-2nn10r6jkgf47.sisko.replit.dev/login:0
[  304268ms] [ERROR] Failed to load resource: the server responded with a status of 404 (Not Found) @ https://298c2663-0398-454f-927c-d28bc153983a-00-2nn10r6jkgf47.sisko.replit.dev/login:0
[  364594ms] [ERROR] Failed to load resource: the server responded with a status of 404 (Not Found) @ https://298c2663-0398-454f-927c-d28bc153983a-00-2nn10r6jkgf47.sisko.replit.dev/login:0
[  425249ms] [ERROR] Failed to load resource: the server responded with a status of 404 (Not Found) @ https://298c2663-0398-454f-927c-d28bc153983a-00-2nn10r6jkgf47.sisko.replit.dev/login:0
[  485598ms] [ERROR] Failed to load resource: the server responded with a status of 404 (Not Found) @ https://298c2663-0398-454f-927c-d28bc153983a-00-2nn10r6jkgf47.sisko.replit.dev/login:0
[  545970ms] [ERROR] Failed to load resource: the server responded with a status of 404 (Not Found) @ https://298c2663-0398-454f-927c-d28bc153983a-00-2nn10r6jkgf47.sisko.replit.dev/login:0
[  606793ms] [ERROR] Failed to load resource: the server responded with a status of 404 (Not Found) @ https://298c2663-0398-454f-927c-d28bc153983a-00-2nn10r6jkgf47.sisko.replit.dev/login:0
[  667269ms] [ERROR] Failed to load resource: the server responded with a status of 404 (Not Found) @ https://298c2663-0398-454f-927c-d28bc153983a-00-2nn10r6jkgf47.sisko.replit.dev/login:0
[  727949ms] [ERROR] Failed to load resource: the server responded with a status of 404 (Not Found) @ https://298c2663-0398-454f-927c-d28bc153983a-00-2nn10r6jkgf47.sisko.replit.dev/login:0
[  788791ms] [ERROR] Failed to load resource: the server responded with a status of 404 (Not Found) @ https://298c2663-0398-454f-927c-d28bc153983a-00-2nn10r6jkgf47.sisko.replit.dev/login:0
[  849620ms] [ERROR] Failed to load resource: the server responded with a status of 404 (Not Found) @ https://298c2663-0398-454f-927c-d28bc153983a-00-2nn10r6jkgf47.sisko.replit.dev/login:0
[  910070ms] [ERROR] Failed to load resource: the server responded with a status of 404 (Not Found) @ https://298c2663-0398-454f-927c-d28bc153983a-00-2nn10r6jkgf47.sisko.replit.dev/login:0
[  970543ms] [ERROR] Failed to load resource: the server responded with a status of 404 (Not Found) @ https://298c2663-0398-454f-927c-d28bc153983a-00-2nn10r6jkgf47.sisko.replit.dev/login:0
[ 1031126ms] [ERROR] Failed to load resource: the server responded with a status of 404 (Not Found) @ https://298c2663-0398-454f-927c-d28bc153983a-00-2nn10r6jkgf47.sisko.replit.dev/login:0
[ 1091879ms] [ERROR] Failed to load resource: the server responded with a status of 404 (Not Found) @ https://298c2663-0398-454f-927c-d28bc153983a-00-2nn10r6jkgf47.sisko.replit.dev/login:0
[ 1152595ms] [ERROR] Failed to load resource: the server responded with a status of 404 (Not Found) @ https://298c2663-0398-454f-927c-d28bc153983a-00-2nn10r6jkgf47.sisko.replit.dev/login:0
[ 1212972ms] [ERROR] Failed to load resource: the server responded with a status of 404 (Not Found) @ https://298c2663-0398-454f-927c-d28bc153983a-00-2nn10r6jkgf47.sisko.replit.dev/login:0
[ 1273276ms] [ERROR] Failed to load resource: the server responded with a status of 404 (Not Found) @ https://298c2663-0398-454f-927c-d28bc153983a-00-2nn10r6jkgf47.sisko.replit.dev/login:0
[ 1333930ms] [ERROR] Failed to load resource: the server responded with a status of 404 (Not Found) @ https://298c2663-0398-454f-927c-d28bc153983a-00-2nn10r6jkgf47.sisko.replit.dev/login:0
[ 1394748ms] [ERROR] Failed to load resource: the server responded with a status of 404 (Not Found) @ https://298c2663-0398-454f-927c-d28bc153983a-00-2nn10r6jkgf47.sisko.replit.dev/login:0
[ 1455154ms] [ERROR] Failed to load resource: the server responded with a status of 404 (Not Found) @ https://298c2663-0398-454f-927c-d28bc153983a-00-2nn10r6jkgf47.sisko.replit.dev/login:0
[ 1515476ms] [ERROR] Failed to load resource: the server responded with a status of 404 (Not Found) @ https://298c2663-0398-454f-927c-d28bc153983a-00-2nn10r6jkgf47.sisko.replit.dev/login:0
[ 1575932ms] [ERROR] Failed to load resource: the server responded with a status of 404 (Not Found) @ https://298c2663-0398-454f-927c-d28bc153983a-00-2nn10r6jkgf47.sisko.replit.dev/login:0
[ 1636746ms] [ERROR] Failed to load resource: the server responded with a status of 404 (Not Found) @ https://298c2663-0398-454f-927c-d28bc153983a-00-2nn10r6jkgf47.sisko.replit.dev/login:0
[ 1697162ms] [ERROR] Failed to load resource: the server responded with a status of 404 (Not Found) @ https://298c2663-0398-454f-927c-d28bc153983a-00-2nn10r6jkgf47.sisko.replit.dev/login:0
[ 1757636ms] [ERROR] Failed to load resource: the server responded with a status of 404 (Not Found) @ https://298c2663-0398-454f-927c-d28bc153983a-00-2nn10r6jkgf47.sisko.replit.dev/login:0
[ 1818190ms] [ERROR] Failed to load resource: the server responded with a status of 404 (Not Found) @ https://298c2663-0398-454f-927c-d28bc153983a-00-2nn10r6jkgf47.sisko.replit.dev/login:0
[ 1889564ms] [INFO] %cDownload the React DevTools for a better development experience: https://react.dev/link/react-devtools font-weight:bold @ https://298c2663-0398-454f-927c-d28bc153983a-00-2nn10r6jkgf47.sisko.replit.dev/node_modules/.vite/deps/react-dom_client.js?v=bac889bf:17986
[ 1892556ms] [ERROR] Failed to load resource: the server responded with a status of 401 (Unauthorized) @ https://298c2663-0398-454f-927c-d28bc153983a-00-2nn10r6jkgf47.sisko.replit.dev/api/auth/me:0
